# Test cases for add_integer function


# Importing the add_integer function
>>> add_integer = __import__('0-add_integer').add_integer

# Test cases

# Test case 1: Adding two positive integers
>>> add_integer(1, 2)
3

# Test case 2: Adding a positive and a negative integer
>>> add_integer(100, -2)
98

# Test case 3: Adding a positive int with default value for second parameter
>>> add_integer(2)
100

# Test case 4: Adding a float and a negative integer
>>> add_integer(100.3, -2)
98

# Test case 5: Adding a float with default value for second parameter
>>> add_integer(1000.3)
1098

# Test case 6: Handling TypeError when the second parameter is a string
>>> add_integer(4, "School")
TypeError: b must be an integer

# Test case 7: Handling TypeError when the first parameter is a string
>>> add_integer("School", 4)
Traceback (most recent call last):
...
TypeError: a must be an integer

# Test case 8: Handling TypeError when the first parameter is None
>>> add_integer(None)
Traceback (most recent call last):
...
TypeError: a must be an integer
